{
    "Metadata": {
        "version": "1.1.0-beta1",
        "name": "simple",
        "description": "new fancy webapp with microservices",
        "maintainers": [
            {
                "name": "John Developer",
                "email": "john.dev@example.com"
            },
            {
                "name": "Jane Developer",
                "email": "jane.dev@example.com"
            }
        ]
    },
    "Services": [
        {
            "Name": "api",
            "Image": "python:3.6",
            "Replicas": 1
        },
        {
            "Name": "db",
            "Image": "postgres:9.3",
            "Replicas": 1
        },
        {
            "Name": "web",
            "Image": "nginx",
            "Replicas": 1,
            "Ports": "8082"
        }
    ],
    "Networks": [
        "back",
        "front"
    ],
    "Volumes": [
        "static"
    ],
    "Parameters": {
        "api_host": "example.com",
        "static_subdir": "data/static",
        "web_port": "8082"
    }
}
