{
	"name": "simple",
	"version": "1.1.0-beta1",
	"description": "new fancy webapp with microservices",
	"maintainers": [
		{
			"name": "John Developer",
			"email": "john.dev@example.com"
		},
		{
			"name": "Jane Developer",
			"email": "jane.dev@example.com"
		}
	],
	"invocationImages": [
		{
			"imageType": "docker",
			"image": "myimage:mytag-invoc"
		}
	],
	"images": {
		"api": {
			"imageType": "docker",
			"image": "python:3.6",
			"originalImage": "python:3.6",
			"description": ""
		},
		"db": {
			"imageType": "docker",
			"image": "postgres:9.3",
			"originalImage": "postgres:9.3",
			"description": ""
		},
		"web": {
			"imageType": "docker",
			"image": "nginx:latest",
			"originalImage": "nginx:latest",
			"description": ""
		}
	},
	"actions": {
		"com.docker.app.inspect": {
			"stateless": true
		},
		"com.docker.app.render": {
			"stateless": true
		},
		"com.docker.app.status": {}
	},
	"parameters": {
		"api_host": {
			"type": "string",
			"default": "example.com",
			"destination": {
				"env": "docker_param1"
			}
		},
		"com.docker.app.kubernetes-namespace": {
			"type": "string",
			"default": "",
			"metadata": {
				"description": "Namespace in which to deploy"
			},
			"destination": {
				"env": "DOCKER_KUBERNETES_NAMESPACE"
			},
			"apply-to": [
				"install",
				"upgrade",
				"uninstall",
				"com.docker.app.status"
			]
		},
		"com.docker.app.orchestrator": {
			"type": "string",
			"default": "",
			"allowedValues": [
				"",
				"swarm",
				"kubernetes"
			],
			"metadata": {
				"description": "Orchestrator on which to deploy"
			},
			"destination": {
				"env": "DOCKER_STACK_ORCHESTRATOR"
			},
			"apply-to": [
				"install",
				"upgrade",
				"uninstall",
				"com.docker.app.status"
			]
		},
		"com.docker.app.render-format": {
			"type": "string",
			"default": "yaml",
			"allowedValues": [
				"yaml",
				"json"
			],
			"metadata": {
				"description": "Output format for the render command"
			},
			"destination": {
				"env": "DOCKER_RENDER_FORMAT"
			},
			"apply-to": [
				"com.docker.app.render"
			]
		},
		"com.docker.app.share-registry-creds": {
			"type": "bool",
			"default": false,
			"metadata": {
				"description": "Share registry credentials with the invocation image"
			},
			"destination": {
				"env": "DOCKER_SHARE_REGISTRY_CREDS"
			}
		},
		"static_subdir": {
			"type": "string",
			"default": "data/static",
			"destination": {
				"env": "docker_param2"
			}
		},
		"web_port": {
			"type": "string",
			"default": "8082",
			"destination": {
				"env": "docker_param3"
			}
		}
	},
	"credentials": {
		"com.docker.app.registry-creds": {
			"path": "/cnab/app/registry-creds.json"
		},
		"docker.context": {
			"path": "/cnab/app/context.dockercontext"
		}
	}
}