Created "app-test"
You will need to edit parameters.yml to fill in default values.
