Error: installation "test-simple-installation" already exists
