Creating network test-simple-installation_default
Creating service test-simple-installation_hello
