{
	"schemaVersion": "v1.0.0-WD",
	"name": "simple",
	"version": "1.1.0-beta1",
	"description": "new fancy webapp with microservices",
	"maintainers": [
		{
			"name": "John Developer",
			"email": "john.dev@example.com"
		},
		{
			"name": "Jane Developer",
			"email": "jane.dev@example.com"
		}
	],
	"invocationImages": [
		{
			"imageType": "docker",
			"image": "simple:1.1.0-beta1-invoc"
		}
	],
	"images": {
		"api": {
			"imageType": "docker",
			"image": "python:3.6",
			"description": "python:3.6"
		},
		"db": {
			"imageType": "docker",
			"image": "postgres:9.3",
			"description": "postgres:9.3"
		},
		"web": {
			"imageType": "docker",
			"image": "nginx:latest",
			"description": "nginx:latest"
		}
	},
	"actions": {
		"com.docker.app.inspect": {
			"stateless": true
		},
		"com.docker.app.render": {
			"stateless": true
		},
		"io.cnab.status": {}
	},
	"parameters": {
		"api_host": {
			"definition": "api_host",
			"destination": {
				"env": "docker_param1"
			}
		},
		"com.docker.app.kubernetes-namespace": {
			"definition": "com.docker.app.kubernetes-namespace",
			"applyTo": [
				"install",
				"upgrade",
				"uninstall",
				"io.cnab.status"
			],
			"destination": {
				"env": "DOCKER_KUBERNETES_NAMESPACE"
			}
		},
		"com.docker.app.orchestrator": {
			"definition": "com.docker.app.orchestrator",
			"applyTo": [
				"install",
				"upgrade",
				"uninstall",
				"io.cnab.status"
			],
			"destination": {
				"env": "DOCKER_STACK_ORCHESTRATOR"
			}
		},
		"com.docker.app.render-format": {
			"definition": "com.docker.app.render-format",
			"applyTo": [
				"com.docker.app.render"
			],
			"destination": {
				"env": "DOCKER_RENDER_FORMAT"
			}
		},
		"com.docker.app.share-registry-creds": {
			"definition": "com.docker.app.share-registry-creds",
			"destination": {
				"env": "DOCKER_SHARE_REGISTRY_CREDS"
			}
		},
		"static_subdir": {
			"definition": "static_subdir",
			"destination": {
				"env": "docker_param2"
			}
		},
		"web_port": {
			"definition": "web_port",
			"destination": {
				"env": "docker_param3"
			}
		}
	},
	"credentials": {
		"com.docker.app.registry-creds": {
			"path": "/cnab/app/registry-creds.json"
		},
		"docker.context": {
			"path": "/cnab/app/context.dockercontext"
		}
	},
	"definitions": {
		"api_host": {
			"default": "example.com",
			"type": "string"
		},
		"com.docker.app.kubernetes-namespace": {
			"default": "",
			"description": "Namespace in which to deploy",
			"title": "Namespace",
			"type": "string"
		},
		"com.docker.app.orchestrator": {
			"default": "",
			"description": "Orchestrator on which to deploy",
			"enum": [
				"",
				"swarm",
				"kubernetes"
			],
			"title": "Orchestrator",
			"type": "string"
		},
		"com.docker.app.render-format": {
			"default": "yaml",
			"description": "Output format for the render command",
			"enum": [
				"yaml",
				"json"
			],
			"title": "Render format",
			"type": "string"
		},
		"com.docker.app.share-registry-creds": {
			"default": false,
			"description": "Share registry credentials with the invocation image",
			"title": "Share registry credentials",
			"type": "boolean"
		},
		"static_subdir": {
			"default": "data/static",
			"type": "string"
		},
		"web_port": {
			"default": "8082",
			"type": "string"
		}
	}
}