INSTALLATION  APPLICATION              LAST ACTION RESULT  CREATED  MODIFIED REFERENCE
installation1 Application (1.0.0)      install     success 24 hours 24 hours user/application:1
installation2 OtherApplication (0.2.0) upgrade     failure 4 weeks  4 weeks  myregistry.com/user/application:2
