foo 0.1.0
Maintained by: foo <foo@bar.com>

this is sparta !

Setting Default
------- -------
port    8080
text    hello
