foo 0.1.0
Maintained by: foo <foo@bar.com>

Setting Default
------- -------
