version: "3.0"
services:
  test:
    command:
    - echo
    - brave
    - gnu
    - world
    image: alpine:latest
